// Vitest Snapshot v1, https://vitest.dev/guide/snapshot.html

exports[`BidirectionalSkippedReferencedTable > generate entities with bidirectional relations and skipped referenced table > entity-bidirectional-skipped-tables-dump 1`] = `
[
  "import { Entity, Index, PrimaryKey, Property } from '@mikro-orm/core';

@Entity()
export class Book {

  @PrimaryKey()
  id!: number;

  @Property({ type: 'text' })
  title!: string;

  @Property()
  price!: number;

  @Index({ name: 'book_author_id_index' })
  @Property({ fieldName: 'author_id' })
  author!: number;

}
",
]
`;
