// Jest Snapshot v1, https://goo.gl/fbAQLP

exports[`unknown-types 1`] = `
[
  "import { Entity, PrimaryKey, Property } from '@mikro-orm/core';

@Entity()
export class Test {

  @PrimaryKey()
  id!: number;

  @Property({ columnType: 'xml', nullable: true, defaultRaw: \`<root>Test</root>\` })
  doc?: unknown;

  @Property({ columnType: 'geometry', nullable: true })
  poly?: unknown;

}
",
]
`;
