// Jest Snapshot v1, https://goo.gl/fbAQLP

exports[`unknown-types 1`] = `
[
  "import { Entity, PrimaryKey, Property } from '@mikro-orm/core';

@Entity()
export class Test {

  @PrimaryKey({ autoincrement: false })
  id!: bigint;

  @Property({ type: 'unknown', columnType: 'cidr', nullable: true, default: '127.0.0.0/8' })
  cidr?: unknown;

  @Property({ type: 'unknown', columnType: 'polygon', nullable: true, default: '((0,0),(1,0),(1,1),(0,1))' })
  poly?: unknown;

  @Property({ type: 'unknown', columnType: 'varbit(8)', nullable: true, default: '1', ignoreSchemaChanges: ['type'] })
  r?: unknown;

}
",
]
`;
