// Jest Snapshot v1, https://goo.gl/fbAQLP

exports[`adding m:1 with composite PK (FK as PK + scalar PK) (GH 1687) schema generator adds the m:1 columns and FK properly 1`] = `
{
  "down": "alter table "state" drop constraint "state_country_id_foreign";

alter table "city" drop constraint "city_state_country_id_state_id_foreign";

drop table if exists "country" cascade;

drop table if exists "state" cascade;

drop table if exists "city" cascade;

drop table if exists "user" cascade;

",
  "up": "create table "country" ("id" serial primary key, "name" varchar(255) not null, "currency" varchar(255) not null, "currency_symbol" varchar(255) not null);

create table "state" ("country_id" int not null, "id" int not null, "name" varchar(255) not null, constraint "state_pkey" primary key ("country_id", "id"));

create table "city" ("state_country_id" int not null, "state_id" int not null, "id" int not null, "name" varchar(255) not null, constraint "city_pkey" primary key ("state_country_id", "state_id", "id"));

create table "user" ("id" varchar(255) not null, "email" varchar(255) not null, "first_name" varchar(255) null, "last_name" varchar(255) null, "date_of_birth" date null, "created" timestamptz not null, "modified" timestamptz not null, constraint "user_pkey" primary key ("id"));

alter table "state" add constraint "state_country_id_foreign" foreign key ("country_id") references "country" ("id") on update cascade;

alter table "city" add constraint "city_state_country_id_state_id_foreign" foreign key ("state_country_id", "state_id") references "state" ("country_id", "id") on update cascade;

",
}
`;

exports[`adding m:1 with composite PK (FK as PK + scalar PK) (GH 1687) schema generator adds the m:1 columns and FK properly 2`] = `
{
  "down": "alter table "user" drop constraint "user_city_state_country_id_city_state_id_city_id_foreign";

alter table "user" drop column "city_state_country_id";
alter table "user" drop column "city_state_id";
alter table "user" drop column "city_id";

",
  "up": "alter table "user" add column "city_state_country_id" int not null, add column "city_state_id" int not null, add column "city_id" int not null;
alter table "user" add constraint "user_city_state_country_id_city_state_id_city_id_foreign" foreign key ("city_state_country_id", "city_state_id", "city_id") references "city" ("state_country_id", "state_id", "id") on update cascade;

",
}
`;
