// Jest Snapshot v1, https://goo.gl/fbAQLP

exports[`comment diffing in mysql schema orm.schema updates comments 1`] = `
"alter table \`book\` modify \`id\` int unsigned auto_increment not null comment 'this is primary\\'s key';
alter table \`book\` modify \`name\` varchar(255) not null comment 'this is name of book';
alter table \`book\` comment = 'this is book\\'s table';

"
`;

exports[`comment diffing in mysql schema orm.schema updates comments 2`] = `
"alter table \`book\` modify \`id\` int unsigned auto_increment not null comment 'new comment';
alter table \`book\` modify \`name\` varchar(255) not null;
alter table \`book\` comment = 'table comment';

"
`;

exports[`comment diffing in mysql schema orm.schema updates comments 3`] = `
"alter table \`book\` modify \`id\` int unsigned auto_increment not null;
alter table \`book\` comment = '';

"
`;
