// Jest Snapshot v1, https://goo.gl/fbAQLP

exports[`diffing default values (GH #2385) string defaults do not produce additional diffs [mariadb] 1`] = `
"set names utf8mb4;
set foreign_key_checks = 0;

create table \`foo1\` (\`id\` int unsigned not null auto_increment primary key, \`bar0\` varchar(255) not null default 'test', \`bar1\` varchar(255) not null default 'test', \`bar2\` datetime not null default now(), \`bar3\` datetime(6) not null default now(6), \`metadata\` json not null default '{"value":42}') default character set utf8mb4 engine = InnoDB;

set foreign_key_checks = 1;
"
`;

exports[`diffing default values (GH #2385) string defaults do not produce additional diffs [mysql] 1`] = `
"set names utf8mb4;
set foreign_key_checks = 0;

create table \`foo0\` (\`id\` int unsigned not null auto_increment primary key, \`bar0\` varchar(255) not null default 'test', \`bar1\` varchar(255) not null default 'test', \`bar2\` datetime not null default now(), \`bar3\` datetime(6) not null default now(6)) default character set utf8mb4 engine = InnoDB;

set foreign_key_checks = 1;
"
`;

exports[`diffing default values (GH #2385) string defaults do not produce additional diffs [postgres] 1`] = `
"set names 'utf8';
set session_replication_role = 'replica';

create table "foo2" ("id" serial primary key, "bar0" varchar(255) not null default 'test', "bar1" varchar(255) not null default 'test', "bar2" timestamptz not null default now(), "bar3" timestamptz(6) not null default now(), "metadata" jsonb not null default '{"value":42}');

set session_replication_role = 'origin';
"
`;

exports[`diffing default values (GH #2385) string defaults do not produce additional diffs [sqlite] 1`] = `
"pragma foreign_keys = off;

create table \`foo3\` (\`id\` integer not null primary key autoincrement, \`bar0\` text not null default 'test', \`bar1\` text not null default 'test', \`bar2\` datetime not null default now, \`metadata\` json not null default '{"value":43}');

pragma foreign_keys = on;
"
`;
