// Jest Snapshot v1, https://goo.gl/fbAQLP

exports[`complex FKs in mariadb (GH 2844) schema generator adds the m:1 columns and FK properly 1`] = `
"set names utf8mb4;

create table \`user_action\` (\`id_user_action\` varchar(255) not null, \`name\` varchar(255) not null, primary key (\`id_user_action\`)) default character set utf8mb4 engine = InnoDB;

create table \`step\` (\`id\` int unsigned not null, \`user_action_id_user_action\` varchar(255) not null, primary key (\`id\`, \`user_action_id_user_action\`)) default character set utf8mb4 engine = InnoDB;
alter table \`step\` add index \`step_user_action_id_user_action_index\`(\`user_action_id_user_action\`);
alter table \`step\` add index \`step_id_user_action_id_user_action_index\`(\`id\`, \`user_action_id_user_action\`);

create table \`component\` (\`id_component\` varchar(255) not null, \`step_id\` int unsigned not null, \`step_user_action_id_user_action\` varchar(255) not null, \`resultComponentId\` varchar(255) null, primary key (\`id_component\`)) default character set utf8mb4 engine = InnoDB;
alter table \`component\` add index \`component_step_id_step_user_action_id_user_action_index\`(\`step_id\`, \`step_user_action_id_user_action\`);

alter table \`step\` add constraint \`step_user_action_id_user_action_foreign\` foreign key (\`user_action_id_user_action\`) references \`user_action\` (\`id_user_action\`) on update cascade on delete cascade;

alter table \`component\` add constraint \`component_step_id_step_user_action_id_user_action_foreign\` foreign key (\`step_id\`, \`step_user_action_id_user_action\`) references \`step\` (\`id\`, \`user_action_id_user_action\`) on update cascade on delete cascade;
alter table \`component\` add constraint \`component_resultComponentId_foreign\` foreign key (\`resultComponentId\`) references \`component\` (\`id_component\`) on update cascade on delete set null;

"
`;
