// Jest Snapshot v1, https://goo.gl/fbAQLP

exports[`GH #4919: 0. create schema 1`] = `
{
  "down": "drop table if exists "user" cascade;

",
  "up": "create table "user" ("id" serial primary key, "delivered_at" timestamptz not null);

",
}
`;

exports[`GH #4919: 1. rename column 1`] = `
{
  "down": "alter table "user" drop column "canceled_at", drop column "arrived_at";

alter table "user" rename column "completed_at" to "delivered_at";

",
  "up": "alter table "user" add column "canceled_at" timestamptz not null, add column "arrived_at" timestamptz not null;
alter table "user" rename column "delivered_at" to "completed_at";

",
}
`;
