// Jest Snapshot v1, https://goo.gl/fbAQLP

exports[`indexes on FKs in postgres (GH 1518) schema generator respect indexes on FKs on column update 1`] = `
"CREATE TABLE [book] ([id] int identity(1,1) not null primary key, [author1_id] int not null, [author2_id] int not null, [author3_id] int not null, [author4_id] int not null, [author5_id] int not null, [title] nvarchar(255) not null, [isbn] nvarchar(255) not null);
CREATE UNIQUE INDEX [book_isbn_unique] ON [book] ([isbn]) WHERE [isbn] IS NOT NULL;

alter table [book] add constraint [book_author1_id_foreign] foreign key ([author1_id]) references [author] ([id]) on update cascade;
alter table [book] add constraint [book_author2_id_foreign] foreign key ([author2_id]) references [author] ([id]);
alter table [book] add constraint [book_author3_id_foreign] foreign key ([author3_id]) references [author] ([id]);
alter table [book] add constraint [book_author4_id_foreign] foreign key ([author4_id]) references [author] ([id]);
alter table [book] add constraint [book_author5_id_foreign] foreign key ([author5_id]) references [author] ([id]);

"
`;

exports[`indexes on FKs in postgres (GH 1518) schema generator respect indexes on FKs on column update 2`] = `
"DROP INDEX [book_isbn_unique] ON [book];

CREATE INDEX [book_author1_id_index] ON [book] ([author1_id]);
CREATE INDEX [book_author2_id_index] ON [book] ([author2_id]);
CREATE INDEX [book_author3_id_index] ON [book] ([author3_id]);
CREATE INDEX [book_author4_id_index] ON [book] ([author4_id]);
CREATE INDEX [book_author5_id_index] ON [book] ([author5_id]);
CREATE UNIQUE INDEX [isbn_unique_constr] ON [book] ([isbn]) WHERE [isbn] IS NOT NULL;
CREATE INDEX [custom_index_expr] ON [book] ([title]);
CREATE  INDEX  [custom_index_expr123] ON [book] ([isbn]) WHERE [isbn] IS NOT NULL;

"
`;

exports[`indexes on FKs in postgres (GH 1518) schema generator respect indexes on FKs on column update 3`] = `
"DROP INDEX [custom_index_expr] ON [book];
DROP INDEX [isbn_unique_constr] ON [book];

CREATE UNIQUE INDEX [book_isbn_unique] ON [book] ([isbn]) WHERE [isbn] IS NOT NULL;
create index [custom_index_expr2] on [book] ([title]);
CREATE INDEX [lol31] ON [book] ([author3_id]);
drop index [book_author3_id_index] on [dbo].[book];
create index [lol41] on [dbo].[book] ([author3_id]);
drop index [book_author5_id_index] on [dbo].[book];
create index [auth_idx5] on [dbo].[book] ([author5_id]);

"
`;

exports[`indexes on FKs in postgres (GH 1518) schema generator respect indexes on FKs on column update 4`] = `
"DROP INDEX [custom_index_expr123] ON [book];
DROP INDEX [custom_index_expr2] ON [book];
DROP INDEX [lol31] ON [book];
DROP INDEX [lol41] ON [book];

CREATE INDEX [lol42] ON [book] ([author3_id]);
CREATE INDEX [lol32] ON [book] ([author3_id]);

"
`;
