// Jest Snapshot v1, https://goo.gl/fbAQLP

exports[`wilcardSchemaIndex create SQL schema: createSchemaSQL-dump 1`] = `
"if (schema_id('library1') is null) begin exec ('create schema [library1] authorization [dbo]') end;
CREATE TABLE [library1].[author] ([id] int identity(1,1) not null primary key, [name] nvarchar(255) not null, [email] nvarchar(255) not null, [country] nvarchar(255) not null);
create index [custom_idx_on_country] on [library1].[author] ([country]);
create index custom_idx_on_name on [library1].[author] ([name]);
create unique index custom_unique_on_email on [library1].[author] ([email]) where [email] IS NOT NULL;

"
`;

exports[`wilcardSchemaIndex create SQL schema: createSchemaSQL-dump 2`] = `
"if (schema_id('library2') is null) begin exec ('create schema [library2] authorization [dbo]') end;
CREATE TABLE [library2].[author] ([id] int identity(1,1) not null primary key, [name] nvarchar(255) not null, [email] nvarchar(255) not null, [country] nvarchar(255) not null);
create index [custom_idx_on_country] on [library2].[author] ([country]);
create index custom_idx_on_name on [library2].[author] ([name]);
create unique index custom_unique_on_email on [library2].[author] ([email]) where [email] IS NOT NULL;

"
`;
